Analysis & Synthesis report for bridge_tb
Sat Jul 13 14:50:53 2024
Quartus Prime Version 17.1.0 Build 590 10/25/2017 SJ Lite Edition


---------------------
; Table of Contents ;
---------------------
  1. Legal Notice
  2. Analysis & Synthesis Summary
  3. Analysis & Synthesis Settings
  4. Parallel Compilation
  5. Parameter Settings for User Entity Instance: bridge_rtl:bridge
  6. Port Connectivity Checks: "bridge_rtl:bridge"
  7. Elapsed Time Per Partition
  8. Analysis & Synthesis Messages



----------------
; Legal Notice ;
----------------
Copyright (C) 2017  Intel Corporation. All rights reserved.
Your use of Intel Corporation's design tools, logic functions 
and other software and tools, and its AMPP partner logic 
functions, and any output files from any of the foregoing 
(including device programming or simulation files), and any 
associated documentation or information are expressly subject 
to the terms and conditions of the Intel Program License 
Subscription Agreement, the Intel Quartus Prime License Agreement,
the Intel FPGA IP License Agreement, or other applicable license
agreement, including, without limitation, that your use is for
the sole purpose of programming logic devices manufactured by
Intel and sold by Intel or its authorized distributors.  Please
refer to the applicable agreement for further details.



+---------------------------------------------------------------------------+
; Analysis & Synthesis Summary                                              ;
+-----------------------------+---------------------------------------------+
; Analysis & Synthesis Status ; Failed - Sat Jul 13 14:50:53 2024           ;
; Quartus Prime Version       ; 17.1.0 Build 590 10/25/2017 SJ Lite Edition ;
; Revision Name               ; bridge_tb                                   ;
; Top-level Entity Name       ; bridge_tb                                   ;
; Family                      ; Cyclone V                                   ;
; Logic utilization (in ALMs) ; N/A until Partition Merge                   ;
; Total registers             ; N/A until Partition Merge                   ;
; Total pins                  ; N/A until Partition Merge                   ;
; Total virtual pins          ; N/A until Partition Merge                   ;
; Total block memory bits     ; N/A until Partition Merge                   ;
; Total PLLs                  ; N/A until Partition Merge                   ;
; Total DLLs                  ; N/A until Partition Merge                   ;
+-----------------------------+---------------------------------------------+


+---------------------------------------------------------------------------------------------------------------------------+
; Analysis & Synthesis Settings                                                                                             ;
+---------------------------------------------------------------------------------+--------------------+--------------------+
; Option                                                                          ; Setting            ; Default Value      ;
+---------------------------------------------------------------------------------+--------------------+--------------------+
; Device                                                                          ; 5CGXFC7C7F23C8     ;                    ;
; Top-level entity name                                                           ; bridge_tb          ; bridge_tb          ;
; Family name                                                                     ; Cyclone V          ; Cyclone V          ;
; Use smart compilation                                                           ; Off                ; Off                ;
; Enable parallel Assembler and TimeQuest Timing Analyzer during compilation      ; On                 ; On                 ;
; Enable compact report table                                                     ; Off                ; Off                ;
; Restructure Multiplexers                                                        ; Auto               ; Auto               ;
; MLAB Add Timing Constraints For Mixed-Port Feed-Through Mode Setting Don't Care ; Off                ; Off                ;
; Create Debugging Nodes for IP Cores                                             ; Off                ; Off                ;
; Preserve fewer node names                                                       ; On                 ; On                 ;
; Intel FPGA IP Evaluation Mode                                                   ; Enable             ; Enable             ;
; Verilog Version                                                                 ; Verilog_2001       ; Verilog_2001       ;
; VHDL Version                                                                    ; VHDL_1993          ; VHDL_1993          ;
; State Machine Processing                                                        ; Auto               ; Auto               ;
; Safe State Machine                                                              ; Off                ; Off                ;
; Extract Verilog State Machines                                                  ; On                 ; On                 ;
; Extract VHDL State Machines                                                     ; On                 ; On                 ;
; Ignore Verilog initial constructs                                               ; Off                ; Off                ;
; Iteration limit for constant Verilog loops                                      ; 5000               ; 5000               ;
; Iteration limit for non-constant Verilog loops                                  ; 250                ; 250                ;
; Add Pass-Through Logic to Inferred RAMs                                         ; On                 ; On                 ;
; Infer RAMs from Raw Logic                                                       ; On                 ; On                 ;
; Parallel Synthesis                                                              ; On                 ; On                 ;
; DSP Block Balancing                                                             ; Auto               ; Auto               ;
; NOT Gate Push-Back                                                              ; On                 ; On                 ;
; Power-Up Don't Care                                                             ; On                 ; On                 ;
; Remove Redundant Logic Cells                                                    ; Off                ; Off                ;
; Remove Duplicate Registers                                                      ; On                 ; On                 ;
; Ignore CARRY Buffers                                                            ; Off                ; Off                ;
; Ignore CASCADE Buffers                                                          ; Off                ; Off                ;
; Ignore GLOBAL Buffers                                                           ; Off                ; Off                ;
; Ignore ROW GLOBAL Buffers                                                       ; Off                ; Off                ;
; Ignore LCELL Buffers                                                            ; Off                ; Off                ;
; Ignore SOFT Buffers                                                             ; On                 ; On                 ;
; Limit AHDL Integers to 32 Bits                                                  ; Off                ; Off                ;
; Optimization Technique                                                          ; Balanced           ; Balanced           ;
; Carry Chain Length                                                              ; 70                 ; 70                 ;
; Auto Carry Chains                                                               ; On                 ; On                 ;
; Auto Open-Drain Pins                                                            ; On                 ; On                 ;
; Perform WYSIWYG Primitive Resynthesis                                           ; Off                ; Off                ;
; Auto ROM Replacement                                                            ; On                 ; On                 ;
; Auto RAM Replacement                                                            ; On                 ; On                 ;
; Auto DSP Block Replacement                                                      ; On                 ; On                 ;
; Auto Shift Register Replacement                                                 ; Auto               ; Auto               ;
; Allow Shift Register Merging across Hierarchies                                 ; Auto               ; Auto               ;
; Auto Clock Enable Replacement                                                   ; On                 ; On                 ;
; Strict RAM Replacement                                                          ; Off                ; Off                ;
; Allow Synchronous Control Signals                                               ; On                 ; On                 ;
; Force Use of Synchronous Clear Signals                                          ; Off                ; Off                ;
; Auto Resource Sharing                                                           ; Off                ; Off                ;
; Allow Any RAM Size For Recognition                                              ; Off                ; Off                ;
; Allow Any ROM Size For Recognition                                              ; Off                ; Off                ;
; Allow Any Shift Register Size For Recognition                                   ; Off                ; Off                ;
; Use LogicLock Constraints during Resource Balancing                             ; On                 ; On                 ;
; Ignore translate_off and synthesis_off directives                               ; Off                ; Off                ;
; Timing-Driven Synthesis                                                         ; On                 ; On                 ;
; Report Parameter Settings                                                       ; On                 ; On                 ;
; Report Source Assignments                                                       ; On                 ; On                 ;
; Report Connectivity Checks                                                      ; On                 ; On                 ;
; Ignore Maximum Fan-Out Assignments                                              ; Off                ; Off                ;
; Synchronization Register Chain Length                                           ; 3                  ; 3                  ;
; Power Optimization During Synthesis                                             ; Normal compilation ; Normal compilation ;
; HDL message level                                                               ; Level2             ; Level2             ;
; Suppress Register Optimization Related Messages                                 ; Off                ; Off                ;
; Number of Removed Registers Reported in Synthesis Report                        ; 5000               ; 5000               ;
; Number of Swept Nodes Reported in Synthesis Report                              ; 5000               ; 5000               ;
; Number of Inverted Registers Reported in Synthesis Report                       ; 100                ; 100                ;
; Clock MUX Protection                                                            ; On                 ; On                 ;
; Auto Gated Clock Conversion                                                     ; Off                ; Off                ;
; Block Design Naming                                                             ; Auto               ; Auto               ;
; SDC constraint protection                                                       ; Off                ; Off                ;
; Synthesis Effort                                                                ; Auto               ; Auto               ;
; Shift Register Replacement - Allow Asynchronous Clear Signal                    ; On                 ; On                 ;
; Pre-Mapping Resynthesis Optimization                                            ; Off                ; Off                ;
; Analysis & Synthesis Message Level                                              ; Medium             ; Medium             ;
; Disable Register Merging Across Hierarchies                                     ; Auto               ; Auto               ;
; Resource Aware Inference For Block RAM                                          ; On                 ; On                 ;
; Automatic Parallel Synthesis                                                    ; On                 ; On                 ;
; Partial Reconfiguration Bitstream ID                                            ; Off                ; Off                ;
+---------------------------------------------------------------------------------+--------------------+--------------------+


+------------------------------------------+
; Parallel Compilation                     ;
+----------------------------+-------------+
; Processors                 ; Number      ;
+----------------------------+-------------+
; Number detected on machine ; 12          ;
; Maximum allowed            ; 8           ;
;                            ;             ;
; Average used               ; 1.00        ;
; Maximum used               ; 1           ;
;                            ;             ;
; Usage by Processor         ; % Time Used ;
;     Processor 1            ; 100.0%      ;
+----------------------------+-------------+


+----------------------------------------------------------------+
; Parameter Settings for User Entity Instance: bridge_rtl:bridge ;
+----------------+-------+---------------------------------------+
; Parameter Name ; Value ; Type                                  ;
+----------------+-------+---------------------------------------+
; idle           ; 000   ; Unsigned Binary                       ;
; read           ; 001   ; Unsigned Binary                       ;
; wwait          ; 010   ; Unsigned Binary                       ;
; write          ; 011   ; Unsigned Binary                       ;
; write_p        ; 100   ; Unsigned Binary                       ;
; wenable_p      ; 101   ; Unsigned Binary                       ;
; wenable        ; 110   ; Unsigned Binary                       ;
; renable        ; 111   ; Unsigned Binary                       ;
+----------------+-------+---------------------------------------+
Note: In order to hide this table in the UI and the text report file, please set the "Show Parameter Settings in Synthesis Report" option in "Analysis and Synthesis Settings -> More Settings" to "Off".


+-------------------------------------------------------------------------------------------------------------------+
; Port Connectivity Checks: "bridge_rtl:bridge"                                                                     ;
+---------+--------+----------+-------------------------------------------------------------------------------------+
; Port    ; Type   ; Severity ; Details                                                                             ;
+---------+--------+----------+-------------------------------------------------------------------------------------+
; paddr   ; Output ; Info     ; Connected to dangling logic. Logic that only feeds a dangling port will be removed. ;
; pwdata  ; Output ; Info     ; Connected to dangling logic. Logic that only feeds a dangling port will be removed. ;
; psel    ; Output ; Info     ; Connected to dangling logic. Logic that only feeds a dangling port will be removed. ;
; penable ; Output ; Info     ; Connected to dangling logic. Logic that only feeds a dangling port will be removed. ;
; pwrite  ; Output ; Info     ; Connected to dangling logic. Logic that only feeds a dangling port will be removed. ;
; hresp   ; Output ; Info     ; Connected to dangling logic. Logic that only feeds a dangling port will be removed. ;
; hready  ; Output ; Info     ; Connected to dangling logic. Logic that only feeds a dangling port will be removed. ;
; hrdata  ; Output ; Info     ; Connected to dangling logic. Logic that only feeds a dangling port will be removed. ;
+---------+--------+----------+-------------------------------------------------------------------------------------+


+-------------------------------+
; Elapsed Time Per Partition    ;
+----------------+--------------+
; Partition Name ; Elapsed Time ;
+----------------+--------------+
; Top            ; 00:00:00     ;
+----------------+--------------+


+-------------------------------+
; Analysis & Synthesis Messages ;
+-------------------------------+
Info: *******************************************************************
Info: Running Quartus Prime Analysis & Synthesis
    Info: Version 17.1.0 Build 590 10/25/2017 SJ Lite Edition
    Info: Processing started: Sat Jul 13 14:50:29 2024
Info: Command: quartus_map --read_settings_files=on --write_settings_files=off bridge_tb -c bridge_tb
Warning (18236): Number of processors has not been specified which may cause overloading on shared machines.  Set the global assignment NUM_PARALLEL_PROCESSORS in your QSF to an appropriate value for best performance.
Info (20030): Parallel compilation is enabled and will use 8 of the 8 processors detected
Info (12021): Found 1 design units, including 1 entities, in source file bridge_tb.v
    Info (12023): Found entity 1: bridge_tb File: C:/Users/HP/OneDrive/Desktop/project_Bridge/bridge_tb.v Line: 1
Info (12127): Elaborating entity "bridge_tb" for the top level hierarchy
Warning (10755): Verilog HDL warning at bridge_tb.v(34): assignments to hclk create a combinational loop File: C:/Users/HP/OneDrive/Desktop/project_Bridge/bridge_tb.v Line: 34
Warning (12125): Using design file bridge_rtl.v, which is not specified as a design file for the current project, but contains definitions for 1 design units and 1 entities in project
    Info (12023): Found entity 1: bridge_rtl File: C:/Users/HP/OneDrive/Desktop/project_Bridge/bridge_rtl.v Line: 1
Info (12128): Elaborating entity "bridge_rtl" for hierarchy "bridge_rtl:bridge" File: C:/Users/HP/OneDrive/Desktop/project_Bridge/bridge_tb.v Line: 27
Warning (10036): Verilog HDL or VHDL warning at bridge_rtl.v(22): object "hwrite_temp" assigned a value but never read File: C:/Users/HP/OneDrive/Desktop/project_Bridge/bridge_rtl.v Line: 22
Warning (10235): Verilog HDL Always Construct warning at bridge_rtl.v(47): variable "valid" is read inside the Always Construct but isn't in the Always Construct's Event Control File: C:/Users/HP/OneDrive/Desktop/project_Bridge/bridge_rtl.v Line: 47
Warning (10235): Verilog HDL Always Construct warning at bridge_rtl.v(49): variable "valid" is read inside the Always Construct but isn't in the Always Construct's Event Control File: C:/Users/HP/OneDrive/Desktop/project_Bridge/bridge_rtl.v Line: 49
Warning (10235): Verilog HDL Always Construct warning at bridge_rtl.v(49): variable "hwrite" is read inside the Always Construct but isn't in the Always Construct's Event Control File: C:/Users/HP/OneDrive/Desktop/project_Bridge/bridge_rtl.v Line: 49
Warning (10235): Verilog HDL Always Construct warning at bridge_rtl.v(52): variable "valid" is read inside the Always Construct but isn't in the Always Construct's Event Control File: C:/Users/HP/OneDrive/Desktop/project_Bridge/bridge_rtl.v Line: 52
Warning (10235): Verilog HDL Always Construct warning at bridge_rtl.v(52): variable "hwrite" is read inside the Always Construct but isn't in the Always Construct's Event Control File: C:/Users/HP/OneDrive/Desktop/project_Bridge/bridge_rtl.v Line: 52
Warning (10235): Verilog HDL Always Construct warning at bridge_rtl.v(59): variable "haddr" is read inside the Always Construct but isn't in the Always Construct's Event Control File: C:/Users/HP/OneDrive/Desktop/project_Bridge/bridge_rtl.v Line: 59
Warning (10235): Verilog HDL Always Construct warning at bridge_rtl.v(71): variable "prdata" is read inside the Always Construct but isn't in the Always Construct's Event Control File: C:/Users/HP/OneDrive/Desktop/project_Bridge/bridge_rtl.v Line: 71
Warning (10235): Verilog HDL Always Construct warning at bridge_rtl.v(73): variable "valid" is read inside the Always Construct but isn't in the Always Construct's Event Control File: C:/Users/HP/OneDrive/Desktop/project_Bridge/bridge_rtl.v Line: 73
Warning (10235): Verilog HDL Always Construct warning at bridge_rtl.v(73): variable "hwrite" is read inside the Always Construct but isn't in the Always Construct's Event Control File: C:/Users/HP/OneDrive/Desktop/project_Bridge/bridge_rtl.v Line: 73
Warning (10235): Verilog HDL Always Construct warning at bridge_rtl.v(75): variable "valid" is read inside the Always Construct but isn't in the Always Construct's Event Control File: C:/Users/HP/OneDrive/Desktop/project_Bridge/bridge_rtl.v Line: 75
Warning (10235): Verilog HDL Always Construct warning at bridge_rtl.v(75): variable "hwrite" is read inside the Always Construct but isn't in the Always Construct's Event Control File: C:/Users/HP/OneDrive/Desktop/project_Bridge/bridge_rtl.v Line: 75
Warning (10235): Verilog HDL Always Construct warning at bridge_rtl.v(77): variable "valid" is read inside the Always Construct but isn't in the Always Construct's Event Control File: C:/Users/HP/OneDrive/Desktop/project_Bridge/bridge_rtl.v Line: 77
Warning (10235): Verilog HDL Always Construct warning at bridge_rtl.v(84): variable "haddr" is read inside the Always Construct but isn't in the Always Construct's Event Control File: C:/Users/HP/OneDrive/Desktop/project_Bridge/bridge_rtl.v Line: 84
Warning (10235): Verilog HDL Always Construct warning at bridge_rtl.v(85): variable "hwrite" is read inside the Always Construct but isn't in the Always Construct's Event Control File: C:/Users/HP/OneDrive/Desktop/project_Bridge/bridge_rtl.v Line: 85
Warning (10235): Verilog HDL Always Construct warning at bridge_rtl.v(86): variable "valid" is read inside the Always Construct but isn't in the Always Construct's Event Control File: C:/Users/HP/OneDrive/Desktop/project_Bridge/bridge_rtl.v Line: 86
Warning (10235): Verilog HDL Always Construct warning at bridge_rtl.v(88): variable "valid" is read inside the Always Construct but isn't in the Always Construct's Event Control File: C:/Users/HP/OneDrive/Desktop/project_Bridge/bridge_rtl.v Line: 88
Warning (10235): Verilog HDL Always Construct warning at bridge_rtl.v(96): variable "haddr_temp" is read inside the Always Construct but isn't in the Always Construct's Event Control File: C:/Users/HP/OneDrive/Desktop/project_Bridge/bridge_rtl.v Line: 96
Warning (10235): Verilog HDL Always Construct warning at bridge_rtl.v(97): variable "hwdata" is read inside the Always Construct but isn't in the Always Construct's Event Control File: C:/Users/HP/OneDrive/Desktop/project_Bridge/bridge_rtl.v Line: 97
Warning (10235): Verilog HDL Always Construct warning at bridge_rtl.v(102): variable "valid" is read inside the Always Construct but isn't in the Always Construct's Event Control File: C:/Users/HP/OneDrive/Desktop/project_Bridge/bridge_rtl.v Line: 102
Warning (10235): Verilog HDL Always Construct warning at bridge_rtl.v(104): variable "valid" is read inside the Always Construct but isn't in the Always Construct's Event Control File: C:/Users/HP/OneDrive/Desktop/project_Bridge/bridge_rtl.v Line: 104
Warning (10235): Verilog HDL Always Construct warning at bridge_rtl.v(111): variable "haddr_temp" is read inside the Always Construct but isn't in the Always Construct's Event Control File: C:/Users/HP/OneDrive/Desktop/project_Bridge/bridge_rtl.v Line: 111
Warning (10235): Verilog HDL Always Construct warning at bridge_rtl.v(112): variable "hwdata" is read inside the Always Construct but isn't in the Always Construct's Event Control File: C:/Users/HP/OneDrive/Desktop/project_Bridge/bridge_rtl.v Line: 112
Warning (10235): Verilog HDL Always Construct warning at bridge_rtl.v(117): variable "hwrite" is read inside the Always Construct but isn't in the Always Construct's Event Control File: C:/Users/HP/OneDrive/Desktop/project_Bridge/bridge_rtl.v Line: 117
Warning (10235): Verilog HDL Always Construct warning at bridge_rtl.v(127): variable "valid" is read inside the Always Construct but isn't in the Always Construct's Event Control File: C:/Users/HP/OneDrive/Desktop/project_Bridge/bridge_rtl.v Line: 127
Warning (10235): Verilog HDL Always Construct warning at bridge_rtl.v(127): variable "hwrite" is read inside the Always Construct but isn't in the Always Construct's Event Control File: C:/Users/HP/OneDrive/Desktop/project_Bridge/bridge_rtl.v Line: 127
Warning (10235): Verilog HDL Always Construct warning at bridge_rtl.v(129): variable "valid" is read inside the Always Construct but isn't in the Always Construct's Event Control File: C:/Users/HP/OneDrive/Desktop/project_Bridge/bridge_rtl.v Line: 129
Warning (10235): Verilog HDL Always Construct warning at bridge_rtl.v(129): variable "hwrite" is read inside the Always Construct but isn't in the Always Construct's Event Control File: C:/Users/HP/OneDrive/Desktop/project_Bridge/bridge_rtl.v Line: 129
Warning (10235): Verilog HDL Always Construct warning at bridge_rtl.v(131): variable "valid" is read inside the Always Construct but isn't in the Always Construct's Event Control File: C:/Users/HP/OneDrive/Desktop/project_Bridge/bridge_rtl.v Line: 131
Warning (10235): Verilog HDL Always Construct warning at bridge_rtl.v(140): variable "valid" is read inside the Always Construct but isn't in the Always Construct's Event Control File: C:/Users/HP/OneDrive/Desktop/project_Bridge/bridge_rtl.v Line: 140
Warning (10235): Verilog HDL Always Construct warning at bridge_rtl.v(140): variable "hwrite" is read inside the Always Construct but isn't in the Always Construct's Event Control File: C:/Users/HP/OneDrive/Desktop/project_Bridge/bridge_rtl.v Line: 140
Warning (10235): Verilog HDL Always Construct warning at bridge_rtl.v(142): variable "valid" is read inside the Always Construct but isn't in the Always Construct's Event Control File: C:/Users/HP/OneDrive/Desktop/project_Bridge/bridge_rtl.v Line: 142
Warning (10235): Verilog HDL Always Construct warning at bridge_rtl.v(142): variable "hwrite" is read inside the Always Construct but isn't in the Always Construct's Event Control File: C:/Users/HP/OneDrive/Desktop/project_Bridge/bridge_rtl.v Line: 142
Warning (10235): Verilog HDL Always Construct warning at bridge_rtl.v(144): variable "hwrite" is read inside the Always Construct but isn't in the Always Construct's Event Control File: C:/Users/HP/OneDrive/Desktop/project_Bridge/bridge_rtl.v Line: 144
Warning (10240): Verilog HDL Always Construct warning at bridge_rtl.v(38): inferring latch(es) for variable "psel", which holds its previous value in one or more paths through the always construct File: C:/Users/HP/OneDrive/Desktop/project_Bridge/bridge_rtl.v Line: 38
Warning (10240): Verilog HDL Always Construct warning at bridge_rtl.v(38): inferring latch(es) for variable "hready", which holds its previous value in one or more paths through the always construct File: C:/Users/HP/OneDrive/Desktop/project_Bridge/bridge_rtl.v Line: 38
Warning (10240): Verilog HDL Always Construct warning at bridge_rtl.v(38): inferring latch(es) for variable "next_state", which holds its previous value in one or more paths through the always construct File: C:/Users/HP/OneDrive/Desktop/project_Bridge/bridge_rtl.v Line: 38
Warning (10240): Verilog HDL Always Construct warning at bridge_rtl.v(38): inferring latch(es) for variable "paddr", which holds its previous value in one or more paths through the always construct File: C:/Users/HP/OneDrive/Desktop/project_Bridge/bridge_rtl.v Line: 38
Warning (10240): Verilog HDL Always Construct warning at bridge_rtl.v(38): inferring latch(es) for variable "pwrite", which holds its previous value in one or more paths through the always construct File: C:/Users/HP/OneDrive/Desktop/project_Bridge/bridge_rtl.v Line: 38
Warning (10240): Verilog HDL Always Construct warning at bridge_rtl.v(38): inferring latch(es) for variable "hrdata", which holds its previous value in one or more paths through the always construct File: C:/Users/HP/OneDrive/Desktop/project_Bridge/bridge_rtl.v Line: 38
Warning (10240): Verilog HDL Always Construct warning at bridge_rtl.v(38): inferring latch(es) for variable "haddr_temp", which holds its previous value in one or more paths through the always construct File: C:/Users/HP/OneDrive/Desktop/project_Bridge/bridge_rtl.v Line: 38
Warning (10240): Verilog HDL Always Construct warning at bridge_rtl.v(38): inferring latch(es) for variable "pwdata", which holds its previous value in one or more paths through the always construct File: C:/Users/HP/OneDrive/Desktop/project_Bridge/bridge_rtl.v Line: 38
Warning (10034): Output port "hresp" at bridge_rtl.v(8) has no driver File: C:/Users/HP/OneDrive/Desktop/project_Bridge/bridge_rtl.v Line: 8
Info (10041): Inferred latch for "pwdata[0]" at bridge_rtl.v(38) File: C:/Users/HP/OneDrive/Desktop/project_Bridge/bridge_rtl.v Line: 38
Info (10041): Inferred latch for "pwdata[1]" at bridge_rtl.v(38) File: C:/Users/HP/OneDrive/Desktop/project_Bridge/bridge_rtl.v Line: 38
Info (10041): Inferred latch for "pwdata[2]" at bridge_rtl.v(38) File: C:/Users/HP/OneDrive/Desktop/project_Bridge/bridge_rtl.v Line: 38
Info (10041): Inferred latch for "pwdata[3]" at bridge_rtl.v(38) File: C:/Users/HP/OneDrive/Desktop/project_Bridge/bridge_rtl.v Line: 38
Info (10041): Inferred latch for "pwdata[4]" at bridge_rtl.v(38) File: C:/Users/HP/OneDrive/Desktop/project_Bridge/bridge_rtl.v Line: 38
Info (10041): Inferred latch for "pwdata[5]" at bridge_rtl.v(38) File: C:/Users/HP/OneDrive/Desktop/project_Bridge/bridge_rtl.v Line: 38
Info (10041): Inferred latch for "pwdata[6]" at bridge_rtl.v(38) File: C:/Users/HP/OneDrive/Desktop/project_Bridge/bridge_rtl.v Line: 38
Info (10041): Inferred latch for "pwdata[7]" at bridge_rtl.v(38) File: C:/Users/HP/OneDrive/Desktop/project_Bridge/bridge_rtl.v Line: 38
Info (10041): Inferred latch for "pwdata[8]" at bridge_rtl.v(38) File: C:/Users/HP/OneDrive/Desktop/project_Bridge/bridge_rtl.v Line: 38
Info (10041): Inferred latch for "pwdata[9]" at bridge_rtl.v(38) File: C:/Users/HP/OneDrive/Desktop/project_Bridge/bridge_rtl.v Line: 38
Info (10041): Inferred latch for "pwdata[10]" at bridge_rtl.v(38) File: C:/Users/HP/OneDrive/Desktop/project_Bridge/bridge_rtl.v Line: 38
Info (10041): Inferred latch for "pwdata[11]" at bridge_rtl.v(38) File: C:/Users/HP/OneDrive/Desktop/project_Bridge/bridge_rtl.v Line: 38
Info (10041): Inferred latch for "pwdata[12]" at bridge_rtl.v(38) File: C:/Users/HP/OneDrive/Desktop/project_Bridge/bridge_rtl.v Line: 38
Info (10041): Inferred latch for "pwdata[13]" at bridge_rtl.v(38) File: C:/Users/HP/OneDrive/Desktop/project_Bridge/bridge_rtl.v Line: 38
Info (10041): Inferred latch for "pwdata[14]" at bridge_rtl.v(38) File: C:/Users/HP/OneDrive/Desktop/project_Bridge/bridge_rtl.v Line: 38
Info (10041): Inferred latch for "pwdata[15]" at bridge_rtl.v(38) File: C:/Users/HP/OneDrive/Desktop/project_Bridge/bridge_rtl.v Line: 38
Info (10041): Inferred latch for "pwdata[16]" at bridge_rtl.v(38) File: C:/Users/HP/OneDrive/Desktop/project_Bridge/bridge_rtl.v Line: 38
Info (10041): Inferred latch for "pwdata[17]" at bridge_rtl.v(38) File: C:/Users/HP/OneDrive/Desktop/project_Bridge/bridge_rtl.v Line: 38
Info (10041): Inferred latch for "pwdata[18]" at bridge_rtl.v(38) File: C:/Users/HP/OneDrive/Desktop/project_Bridge/bridge_rtl.v Line: 38
Info (10041): Inferred latch for "pwdata[19]" at bridge_rtl.v(38) File: C:/Users/HP/OneDrive/Desktop/project_Bridge/bridge_rtl.v Line: 38
Info (10041): Inferred latch for "pwdata[20]" at bridge_rtl.v(38) File: C:/Users/HP/OneDrive/Desktop/project_Bridge/bridge_rtl.v Line: 38
Info (10041): Inferred latch for "pwdata[21]" at bridge_rtl.v(38) File: C:/Users/HP/OneDrive/Desktop/project_Bridge/bridge_rtl.v Line: 38
Info (10041): Inferred latch for "pwdata[22]" at bridge_rtl.v(38) File: C:/Users/HP/OneDrive/Desktop/project_Bridge/bridge_rtl.v Line: 38
Info (10041): Inferred latch for "pwdata[23]" at bridge_rtl.v(38) File: C:/Users/HP/OneDrive/Desktop/project_Bridge/bridge_rtl.v Line: 38
Info (10041): Inferred latch for "pwdata[24]" at bridge_rtl.v(38) File: C:/Users/HP/OneDrive/Desktop/project_Bridge/bridge_rtl.v Line: 38
Info (10041): Inferred latch for "pwdata[25]" at bridge_rtl.v(38) File: C:/Users/HP/OneDrive/Desktop/project_Bridge/bridge_rtl.v Line: 38
Info (10041): Inferred latch for "pwdata[26]" at bridge_rtl.v(38) File: C:/Users/HP/OneDrive/Desktop/project_Bridge/bridge_rtl.v Line: 38
Info (10041): Inferred latch for "pwdata[27]" at bridge_rtl.v(38) File: C:/Users/HP/OneDrive/Desktop/project_Bridge/bridge_rtl.v Line: 38
Info (10041): Inferred latch for "pwdata[28]" at bridge_rtl.v(38) File: C:/Users/HP/OneDrive/Desktop/project_Bridge/bridge_rtl.v Line: 38
Info (10041): Inferred latch for "pwdata[29]" at bridge_rtl.v(38) File: C:/Users/HP/OneDrive/Desktop/project_Bridge/bridge_rtl.v Line: 38
Info (10041): Inferred latch for "pwdata[30]" at bridge_rtl.v(38) File: C:/Users/HP/OneDrive/Desktop/project_Bridge/bridge_rtl.v Line: 38
Info (10041): Inferred latch for "pwdata[31]" at bridge_rtl.v(38) File: C:/Users/HP/OneDrive/Desktop/project_Bridge/bridge_rtl.v Line: 38
Info (10041): Inferred latch for "haddr_temp[0]" at bridge_rtl.v(38) File: C:/Users/HP/OneDrive/Desktop/project_Bridge/bridge_rtl.v Line: 38
Info (10041): Inferred latch for "haddr_temp[1]" at bridge_rtl.v(38) File: C:/Users/HP/OneDrive/Desktop/project_Bridge/bridge_rtl.v Line: 38
Info (10041): Inferred latch for "haddr_temp[2]" at bridge_rtl.v(38) File: C:/Users/HP/OneDrive/Desktop/project_Bridge/bridge_rtl.v Line: 38
Info (10041): Inferred latch for "haddr_temp[3]" at bridge_rtl.v(38) File: C:/Users/HP/OneDrive/Desktop/project_Bridge/bridge_rtl.v Line: 38
Info (10041): Inferred latch for "haddr_temp[4]" at bridge_rtl.v(38) File: C:/Users/HP/OneDrive/Desktop/project_Bridge/bridge_rtl.v Line: 38
Info (10041): Inferred latch for "haddr_temp[5]" at bridge_rtl.v(38) File: C:/Users/HP/OneDrive/Desktop/project_Bridge/bridge_rtl.v Line: 38
Info (10041): Inferred latch for "haddr_temp[6]" at bridge_rtl.v(38) File: C:/Users/HP/OneDrive/Desktop/project_Bridge/bridge_rtl.v Line: 38
Info (10041): Inferred latch for "haddr_temp[7]" at bridge_rtl.v(38) File: C:/Users/HP/OneDrive/Desktop/project_Bridge/bridge_rtl.v Line: 38
Info (10041): Inferred latch for "haddr_temp[8]" at bridge_rtl.v(38) File: C:/Users/HP/OneDrive/Desktop/project_Bridge/bridge_rtl.v Line: 38
Info (10041): Inferred latch for "haddr_temp[9]" at bridge_rtl.v(38) File: C:/Users/HP/OneDrive/Desktop/project_Bridge/bridge_rtl.v Line: 38
Info (10041): Inferred latch for "haddr_temp[10]" at bridge_rtl.v(38) File: C:/Users/HP/OneDrive/Desktop/project_Bridge/bridge_rtl.v Line: 38
Info (10041): Inferred latch for "haddr_temp[11]" at bridge_rtl.v(38) File: C:/Users/HP/OneDrive/Desktop/project_Bridge/bridge_rtl.v Line: 38
Info (10041): Inferred latch for "haddr_temp[12]" at bridge_rtl.v(38) File: C:/Users/HP/OneDrive/Desktop/project_Bridge/bridge_rtl.v Line: 38
Info (10041): Inferred latch for "haddr_temp[13]" at bridge_rtl.v(38) File: C:/Users/HP/OneDrive/Desktop/project_Bridge/bridge_rtl.v Line: 38
Info (10041): Inferred latch for "haddr_temp[14]" at bridge_rtl.v(38) File: C:/Users/HP/OneDrive/Desktop/project_Bridge/bridge_rtl.v Line: 38
Info (10041): Inferred latch for "haddr_temp[15]" at bridge_rtl.v(38) File: C:/Users/HP/OneDrive/Desktop/project_Bridge/bridge_rtl.v Line: 38
Info (10041): Inferred latch for "haddr_temp[16]" at bridge_rtl.v(38) File: C:/Users/HP/OneDrive/Desktop/project_Bridge/bridge_rtl.v Line: 38
Info (10041): Inferred latch for "haddr_temp[17]" at bridge_rtl.v(38) File: C:/Users/HP/OneDrive/Desktop/project_Bridge/bridge_rtl.v Line: 38
Info (10041): Inferred latch for "haddr_temp[18]" at bridge_rtl.v(38) File: C:/Users/HP/OneDrive/Desktop/project_Bridge/bridge_rtl.v Line: 38
Info (10041): Inferred latch for "haddr_temp[19]" at bridge_rtl.v(38) File: C:/Users/HP/OneDrive/Desktop/project_Bridge/bridge_rtl.v Line: 38
Info (10041): Inferred latch for "haddr_temp[20]" at bridge_rtl.v(38) File: C:/Users/HP/OneDrive/Desktop/project_Bridge/bridge_rtl.v Line: 38
Info (10041): Inferred latch for "haddr_temp[21]" at bridge_rtl.v(38) File: C:/Users/HP/OneDrive/Desktop/project_Bridge/bridge_rtl.v Line: 38
Info (10041): Inferred latch for "haddr_temp[22]" at bridge_rtl.v(38) File: C:/Users/HP/OneDrive/Desktop/project_Bridge/bridge_rtl.v Line: 38
Info (10041): Inferred latch for "haddr_temp[23]" at bridge_rtl.v(38) File: C:/Users/HP/OneDrive/Desktop/project_Bridge/bridge_rtl.v Line: 38
Info (10041): Inferred latch for "haddr_temp[24]" at bridge_rtl.v(38) File: C:/Users/HP/OneDrive/Desktop/project_Bridge/bridge_rtl.v Line: 38
Info (10041): Inferred latch for "haddr_temp[25]" at bridge_rtl.v(38) File: C:/Users/HP/OneDrive/Desktop/project_Bridge/bridge_rtl.v Line: 38
Info (10041): Inferred latch for "haddr_temp[26]" at bridge_rtl.v(38) File: C:/Users/HP/OneDrive/Desktop/project_Bridge/bridge_rtl.v Line: 38
Info (10041): Inferred latch for "haddr_temp[27]" at bridge_rtl.v(38) File: C:/Users/HP/OneDrive/Desktop/project_Bridge/bridge_rtl.v Line: 38
Info (10041): Inferred latch for "haddr_temp[28]" at bridge_rtl.v(38) File: C:/Users/HP/OneDrive/Desktop/project_Bridge/bridge_rtl.v Line: 38
Info (10041): Inferred latch for "haddr_temp[29]" at bridge_rtl.v(38) File: C:/Users/HP/OneDrive/Desktop/project_Bridge/bridge_rtl.v Line: 38
Info (10041): Inferred latch for "haddr_temp[30]" at bridge_rtl.v(38) File: C:/Users/HP/OneDrive/Desktop/project_Bridge/bridge_rtl.v Line: 38
Info (10041): Inferred latch for "haddr_temp[31]" at bridge_rtl.v(38) File: C:/Users/HP/OneDrive/Desktop/project_Bridge/bridge_rtl.v Line: 38
Info (10041): Inferred latch for "hrdata[0]" at bridge_rtl.v(38) File: C:/Users/HP/OneDrive/Desktop/project_Bridge/bridge_rtl.v Line: 38
Info (10041): Inferred latch for "hrdata[1]" at bridge_rtl.v(38) File: C:/Users/HP/OneDrive/Desktop/project_Bridge/bridge_rtl.v Line: 38
Info (10041): Inferred latch for "hrdata[2]" at bridge_rtl.v(38) File: C:/Users/HP/OneDrive/Desktop/project_Bridge/bridge_rtl.v Line: 38
Info (10041): Inferred latch for "hrdata[3]" at bridge_rtl.v(38) File: C:/Users/HP/OneDrive/Desktop/project_Bridge/bridge_rtl.v Line: 38
Info (10041): Inferred latch for "hrdata[4]" at bridge_rtl.v(38) File: C:/Users/HP/OneDrive/Desktop/project_Bridge/bridge_rtl.v Line: 38
Info (10041): Inferred latch for "hrdata[5]" at bridge_rtl.v(38) File: C:/Users/HP/OneDrive/Desktop/project_Bridge/bridge_rtl.v Line: 38
Info (10041): Inferred latch for "hrdata[6]" at bridge_rtl.v(38) File: C:/Users/HP/OneDrive/Desktop/project_Bridge/bridge_rtl.v Line: 38
Info (10041): Inferred latch for "hrdata[7]" at bridge_rtl.v(38) File: C:/Users/HP/OneDrive/Desktop/project_Bridge/bridge_rtl.v Line: 38
Info (10041): Inferred latch for "hrdata[8]" at bridge_rtl.v(38) File: C:/Users/HP/OneDrive/Desktop/project_Bridge/bridge_rtl.v Line: 38
Info (10041): Inferred latch for "hrdata[9]" at bridge_rtl.v(38) File: C:/Users/HP/OneDrive/Desktop/project_Bridge/bridge_rtl.v Line: 38
Info (10041): Inferred latch for "hrdata[10]" at bridge_rtl.v(38) File: C:/Users/HP/OneDrive/Desktop/project_Bridge/bridge_rtl.v Line: 38
Info (10041): Inferred latch for "hrdata[11]" at bridge_rtl.v(38) File: C:/Users/HP/OneDrive/Desktop/project_Bridge/bridge_rtl.v Line: 38
Info (10041): Inferred latch for "hrdata[12]" at bridge_rtl.v(38) File: C:/Users/HP/OneDrive/Desktop/project_Bridge/bridge_rtl.v Line: 38
Info (10041): Inferred latch for "hrdata[13]" at bridge_rtl.v(38) File: C:/Users/HP/OneDrive/Desktop/project_Bridge/bridge_rtl.v Line: 38
Info (10041): Inferred latch for "hrdata[14]" at bridge_rtl.v(38) File: C:/Users/HP/OneDrive/Desktop/project_Bridge/bridge_rtl.v Line: 38
Info (10041): Inferred latch for "hrdata[15]" at bridge_rtl.v(38) File: C:/Users/HP/OneDrive/Desktop/project_Bridge/bridge_rtl.v Line: 38
Info (10041): Inferred latch for "hrdata[16]" at bridge_rtl.v(38) File: C:/Users/HP/OneDrive/Desktop/project_Bridge/bridge_rtl.v Line: 38
Info (10041): Inferred latch for "hrdata[17]" at bridge_rtl.v(38) File: C:/Users/HP/OneDrive/Desktop/project_Bridge/bridge_rtl.v Line: 38
Info (10041): Inferred latch for "hrdata[18]" at bridge_rtl.v(38) File: C:/Users/HP/OneDrive/Desktop/project_Bridge/bridge_rtl.v Line: 38
Info (10041): Inferred latch for "hrdata[19]" at bridge_rtl.v(38) File: C:/Users/HP/OneDrive/Desktop/project_Bridge/bridge_rtl.v Line: 38
Info (10041): Inferred latch for "hrdata[20]" at bridge_rtl.v(38) File: C:/Users/HP/OneDrive/Desktop/project_Bridge/bridge_rtl.v Line: 38
Info (10041): Inferred latch for "hrdata[21]" at bridge_rtl.v(38) File: C:/Users/HP/OneDrive/Desktop/project_Bridge/bridge_rtl.v Line: 38
Info (10041): Inferred latch for "hrdata[22]" at bridge_rtl.v(38) File: C:/Users/HP/OneDrive/Desktop/project_Bridge/bridge_rtl.v Line: 38
Info (10041): Inferred latch for "hrdata[23]" at bridge_rtl.v(38) File: C:/Users/HP/OneDrive/Desktop/project_Bridge/bridge_rtl.v Line: 38
Info (10041): Inferred latch for "hrdata[24]" at bridge_rtl.v(38) File: C:/Users/HP/OneDrive/Desktop/project_Bridge/bridge_rtl.v Line: 38
Info (10041): Inferred latch for "hrdata[25]" at bridge_rtl.v(38) File: C:/Users/HP/OneDrive/Desktop/project_Bridge/bridge_rtl.v Line: 38
Info (10041): Inferred latch for "hrdata[26]" at bridge_rtl.v(38) File: C:/Users/HP/OneDrive/Desktop/project_Bridge/bridge_rtl.v Line: 38
Info (10041): Inferred latch for "hrdata[27]" at bridge_rtl.v(38) File: C:/Users/HP/OneDrive/Desktop/project_Bridge/bridge_rtl.v Line: 38
Info (10041): Inferred latch for "hrdata[28]" at bridge_rtl.v(38) File: C:/Users/HP/OneDrive/Desktop/project_Bridge/bridge_rtl.v Line: 38
Info (10041): Inferred latch for "hrdata[29]" at bridge_rtl.v(38) File: C:/Users/HP/OneDrive/Desktop/project_Bridge/bridge_rtl.v Line: 38
Info (10041): Inferred latch for "hrdata[30]" at bridge_rtl.v(38) File: C:/Users/HP/OneDrive/Desktop/project_Bridge/bridge_rtl.v Line: 38
Info (10041): Inferred latch for "hrdata[31]" at bridge_rtl.v(38) File: C:/Users/HP/OneDrive/Desktop/project_Bridge/bridge_rtl.v Line: 38
Info (10041): Inferred latch for "pwrite" at bridge_rtl.v(38) File: C:/Users/HP/OneDrive/Desktop/project_Bridge/bridge_rtl.v Line: 38
Info (10041): Inferred latch for "paddr[0]" at bridge_rtl.v(38) File: C:/Users/HP/OneDrive/Desktop/project_Bridge/bridge_rtl.v Line: 38
Info (10041): Inferred latch for "paddr[1]" at bridge_rtl.v(38) File: C:/Users/HP/OneDrive/Desktop/project_Bridge/bridge_rtl.v Line: 38
Info (10041): Inferred latch for "paddr[2]" at bridge_rtl.v(38) File: C:/Users/HP/OneDrive/Desktop/project_Bridge/bridge_rtl.v Line: 38
Info (10041): Inferred latch for "paddr[3]" at bridge_rtl.v(38) File: C:/Users/HP/OneDrive/Desktop/project_Bridge/bridge_rtl.v Line: 38
Info (10041): Inferred latch for "paddr[4]" at bridge_rtl.v(38) File: C:/Users/HP/OneDrive/Desktop/project_Bridge/bridge_rtl.v Line: 38
Info (10041): Inferred latch for "paddr[5]" at bridge_rtl.v(38) File: C:/Users/HP/OneDrive/Desktop/project_Bridge/bridge_rtl.v Line: 38
Info (10041): Inferred latch for "paddr[6]" at bridge_rtl.v(38) File: C:/Users/HP/OneDrive/Desktop/project_Bridge/bridge_rtl.v Line: 38
Info (10041): Inferred latch for "paddr[7]" at bridge_rtl.v(38) File: C:/Users/HP/OneDrive/Desktop/project_Bridge/bridge_rtl.v Line: 38
Info (10041): Inferred latch for "paddr[8]" at bridge_rtl.v(38) File: C:/Users/HP/OneDrive/Desktop/project_Bridge/bridge_rtl.v Line: 38
Info (10041): Inferred latch for "paddr[9]" at bridge_rtl.v(38) File: C:/Users/HP/OneDrive/Desktop/project_Bridge/bridge_rtl.v Line: 38
Info (10041): Inferred latch for "paddr[10]" at bridge_rtl.v(38) File: C:/Users/HP/OneDrive/Desktop/project_Bridge/bridge_rtl.v Line: 38
Info (10041): Inferred latch for "paddr[11]" at bridge_rtl.v(38) File: C:/Users/HP/OneDrive/Desktop/project_Bridge/bridge_rtl.v Line: 38
Info (10041): Inferred latch for "paddr[12]" at bridge_rtl.v(38) File: C:/Users/HP/OneDrive/Desktop/project_Bridge/bridge_rtl.v Line: 38
Info (10041): Inferred latch for "paddr[13]" at bridge_rtl.v(38) File: C:/Users/HP/OneDrive/Desktop/project_Bridge/bridge_rtl.v Line: 38
Info (10041): Inferred latch for "paddr[14]" at bridge_rtl.v(38) File: C:/Users/HP/OneDrive/Desktop/project_Bridge/bridge_rtl.v Line: 38
Info (10041): Inferred latch for "paddr[15]" at bridge_rtl.v(38) File: C:/Users/HP/OneDrive/Desktop/project_Bridge/bridge_rtl.v Line: 38
Info (10041): Inferred latch for "paddr[16]" at bridge_rtl.v(38) File: C:/Users/HP/OneDrive/Desktop/project_Bridge/bridge_rtl.v Line: 38
Info (10041): Inferred latch for "paddr[17]" at bridge_rtl.v(38) File: C:/Users/HP/OneDrive/Desktop/project_Bridge/bridge_rtl.v Line: 38
Info (10041): Inferred latch for "paddr[18]" at bridge_rtl.v(38) File: C:/Users/HP/OneDrive/Desktop/project_Bridge/bridge_rtl.v Line: 38
Info (10041): Inferred latch for "paddr[19]" at bridge_rtl.v(38) File: C:/Users/HP/OneDrive/Desktop/project_Bridge/bridge_rtl.v Line: 38
Info (10041): Inferred latch for "paddr[20]" at bridge_rtl.v(38) File: C:/Users/HP/OneDrive/Desktop/project_Bridge/bridge_rtl.v Line: 38
Info (10041): Inferred latch for "paddr[21]" at bridge_rtl.v(38) File: C:/Users/HP/OneDrive/Desktop/project_Bridge/bridge_rtl.v Line: 38
Info (10041): Inferred latch for "paddr[22]" at bridge_rtl.v(38) File: C:/Users/HP/OneDrive/Desktop/project_Bridge/bridge_rtl.v Line: 38
Info (10041): Inferred latch for "paddr[23]" at bridge_rtl.v(38) File: C:/Users/HP/OneDrive/Desktop/project_Bridge/bridge_rtl.v Line: 38
Info (10041): Inferred latch for "paddr[24]" at bridge_rtl.v(38) File: C:/Users/HP/OneDrive/Desktop/project_Bridge/bridge_rtl.v Line: 38
Info (10041): Inferred latch for "paddr[25]" at bridge_rtl.v(38) File: C:/Users/HP/OneDrive/Desktop/project_Bridge/bridge_rtl.v Line: 38
Info (10041): Inferred latch for "paddr[26]" at bridge_rtl.v(38) File: C:/Users/HP/OneDrive/Desktop/project_Bridge/bridge_rtl.v Line: 38
Info (10041): Inferred latch for "paddr[27]" at bridge_rtl.v(38) File: C:/Users/HP/OneDrive/Desktop/project_Bridge/bridge_rtl.v Line: 38
Info (10041): Inferred latch for "paddr[28]" at bridge_rtl.v(38) File: C:/Users/HP/OneDrive/Desktop/project_Bridge/bridge_rtl.v Line: 38
Info (10041): Inferred latch for "paddr[29]" at bridge_rtl.v(38) File: C:/Users/HP/OneDrive/Desktop/project_Bridge/bridge_rtl.v Line: 38
Info (10041): Inferred latch for "paddr[30]" at bridge_rtl.v(38) File: C:/Users/HP/OneDrive/Desktop/project_Bridge/bridge_rtl.v Line: 38
Info (10041): Inferred latch for "paddr[31]" at bridge_rtl.v(38) File: C:/Users/HP/OneDrive/Desktop/project_Bridge/bridge_rtl.v Line: 38
Info (10041): Inferred latch for "next_state.renable" at bridge_rtl.v(38) File: C:/Users/HP/OneDrive/Desktop/project_Bridge/bridge_rtl.v Line: 38
Info (10041): Inferred latch for "next_state.wenable" at bridge_rtl.v(38) File: C:/Users/HP/OneDrive/Desktop/project_Bridge/bridge_rtl.v Line: 38
Info (10041): Inferred latch for "next_state.wenable_p" at bridge_rtl.v(38) File: C:/Users/HP/OneDrive/Desktop/project_Bridge/bridge_rtl.v Line: 38
Info (10041): Inferred latch for "next_state.write_p" at bridge_rtl.v(38) File: C:/Users/HP/OneDrive/Desktop/project_Bridge/bridge_rtl.v Line: 38
Info (10041): Inferred latch for "next_state.write" at bridge_rtl.v(38) File: C:/Users/HP/OneDrive/Desktop/project_Bridge/bridge_rtl.v Line: 38
Info (10041): Inferred latch for "next_state.wwait" at bridge_rtl.v(38) File: C:/Users/HP/OneDrive/Desktop/project_Bridge/bridge_rtl.v Line: 38
Info (10041): Inferred latch for "next_state.read" at bridge_rtl.v(38) File: C:/Users/HP/OneDrive/Desktop/project_Bridge/bridge_rtl.v Line: 38
Info (10041): Inferred latch for "next_state.idle" at bridge_rtl.v(38) File: C:/Users/HP/OneDrive/Desktop/project_Bridge/bridge_rtl.v Line: 38
Info (10041): Inferred latch for "hready" at bridge_rtl.v(38) File: C:/Users/HP/OneDrive/Desktop/project_Bridge/bridge_rtl.v Line: 38
Info (10041): Inferred latch for "psel" at bridge_rtl.v(38) File: C:/Users/HP/OneDrive/Desktop/project_Bridge/bridge_rtl.v Line: 38
Warning (12011): Net is missing source, defaulting to GND
    Warning (12110): Net "hclk" is missing source, defaulting to GND File: C:/Users/HP/OneDrive/Desktop/project_Bridge/bridge_tb.v Line: 9
Error (12061): Can't synthesize current design -- Top partition does not contain any logic
Error: Quartus Prime Analysis & Synthesis was unsuccessful. 1 error, 48 warnings
    Error: Peak virtual memory: 4783 megabytes
    Error: Processing ended: Sat Jul 13 14:50:53 2024
    Error: Elapsed time: 00:00:24
    Error: Total CPU time (on all processors): 00:00:04


